Microchip MPLAB XC8 Compiler V2.10 ()

Linker command line:

-W-3 --edf=C:\Program Files (x86)\Microchip\xc8\v2.10\pic\dat\en_msgs.txt \
  -cs -h+dist/default/debug\busdisplay.X.debug.sym \
  --cmf=dist/default/debug\busdisplay.X.debug.cmf -z -Q16F57 \
  -oC:\Users\lsira\AppData\Local\Temp\sl1k.2 --defsym=__MPLAB_BUILD=1 \
  -Mdist/default/debug/busdisplay.X.debug.map -E1 -ver=XC8 --acfsm=1493 \
  -ASTACK=050h-05Fh -pstack=STACK -ACODE=00h-01FFhx3,0600h-07FEh \
  -ASTRCODE=00h-07FEh -ASTRING=00h-0FFh,0200h-02FFh,0400h-04FFh,0600h-06FFh \
  -AENTRY=00h-0FFh-01FFh,0200h-02FFh-03FFh,0400h-04FFh-05FFh,0600h-06FFh-07FEh \
  -ACOMMON=08h-0Fh -ABANK0=010h-01Fh -ABANK1=030h-03Fh -ABANK2=050h-05Fh \
  -ABANK3=070h-07Fh -ARAM=010h-01Fh,030h-03Fh,050h-05Fh,070h-07Fh \
  -AABS1=08h-01Fh,030h-03Fh,050h-05Fh,070h-07Fh -ASFR0=00h-0Fh \
  -ASFR1=020h-02Fh -ASFR2=040h-04Fh -ASFR3=060h-06Fh \
  -preset_vec=07ffh,reset_wrap=0h,init,end_init,cinit,clrtext \
  -ppowerup=CODE -pfunctab=ENTRY -ACONFIG=0FFFh-0FFFh -pconfig=CONFIG \
  -DCONFIG=2 -AIDLOC=0800h-0803h -pidloc=IDLOC -DIDLOC=2 -pstrings=-STRING \
  -DCODE=2 -DSTRCODE=2 -DSTRING=2 -DCONST=2 -DENTRY=2 -k \
  C:\Users\lsira\AppData\Local\Temp\sl1k.o \
  dist/default/debug\busdisplay.X.debug.o 

Object code version is 3.11

Machine type is 16F57



                Name                               Link     Load   Length Selector   Space Scale
C:\Users\lsira\AppData\Local\Temp\sl1k.o
                end_init                              0        0        3        0       0
                reset_vec                           7FF      7FF        1      FFE       0
                config                              FFF      FFF        1     1FFE       0
dist/default/debug\busdisplay.X.debug.o
                cinit                                 3        3       65        0       0
                text2                                E2       E2       71      1C4       0
                jmp_tab                              78       78        6        0       0
                text1                                7F       7F       63       FE       0
                maintext                            153      153       AD      2A6       0
                cstackBANK0                          10       10        A       10       1
                dataBANK1                            30       30       10       30       1
                idataBANK1                           68       68       10        0       0

TOTAL           Name                               Link     Load   Length     Space
        CLASS   STACK          

        CLASS   CODE           
                reset_vec                           7FF      7FF        1         0
                text2                                E2       E2       71         0
                text1                                7F       7F       63         0
                maintext                            153      153       AD         0

        CLASS   STRCODE        

        CLASS   STRING         

        CLASS   ENTRY          
                end_init                              0        0        3         0
                cinit                                 3        3       65         0
                jmp_tab                              78       78        6         0
                idataBANK1                           68       68       10         0

        CLASS   COMMON         

        CLASS   BANK0          
                cstackBANK0                          10       10        A         1

        CLASS   BANK1          
                dataBANK1                            30       30       10         1

        CLASS   BANK2          

        CLASS   BANK3          

        CLASS   RAM            

        CLASS   ABS1           
                abs_s1                                8        8        8         1

        CLASS   SFR0           

        CLASS   SFR1           

        CLASS   SFR2           

        CLASS   SFR3           

        CLASS   CONFIG         
                config                              FFF      FFF        1         0

        CLASS   IDLOC          

        CLASS   CONST          



SEGMENTS        Name                           Load    Length   Top    Selector   Space  Class     Delta

                reset_wrap                     000000  00007E  00007E         0       0  ENTRY       2
                cstackBANK0                    000010  00000A  00001A        10       1  BANK0       1
                dataBANK1                      000030  000010  000040        30       1  BANK1       1
                text1                          00007F  000063  0000E2        FE       0  CODE        2
                text2                          0000E2  000071  000153       1C4       0  CODE        2
                maintext                       000153  0000AD  000200       2A6       0  CODE        2
                reset_vec                      0007FF  000001  000800       FFE       0  CODE        2
                config                         000FFF  000001  001000      1FFE       0  CONFIG      2


UNUSED ADDRESS RANGES

        Name                Unused          Largest block    Delta
        BANK0            001A-001F              6           1
        BANK2            0050-005F             10           1
        BANK3            0070-007F             10           1
        CODE             007E-007E              1           2
                         0200-07FE            200
        ENTRY            007E-007E              1           2
                         0200-02FF+0100        100
                         0400-04FF+0100        100
                         0600-06FF+00FF        100
        IDLOC            0800-0803              4           2
        RAM              001A-001F              6           1
                         0050-005F             10
                         0070-007F             10
        SFR0             0000-0007              8           1
        SFR1             0020-002F             10           1
        SFR2             0040-004F             10           1
        SFR3             0060-006F             10           1
        STACK            0050-005F             10           1
        STRCODE          007E-007E              1           2
                         0200-07FE            5FF
        STRING           007E-007E              1           2
                         0200-02FF            100
                         0400-04FF            100
                         0600-06FF            100

                                  Symbol Table

?___awdiv                cstackBANK0  0010
?___awmod                cstackBANK0  0010
_PORTA                   (abs)        0005
_PORTB                   (abs)        0006
_PORTC                   (abs)        0007
_RA0                     (abs)        0028
_RA1                     (abs)        0029
_RA2                     (abs)        002A
_RA3                     (abs)        002B
_TRISA                   (abs)        0005
_TRISB                   (abs)        0006
_TRISC                   (abs)        0007
__CFG_CP$OFF             (abs)        0000
__CFG_OSC$HS             (abs)        0000
__CFG_WDT$ON             (abs)        0000
__Habs1                  abs1         0000
__Hbank0                 bank0        0000
__Hbank1                 bank1        0000
__Hbank2                 bank2        0000
__Hbank3                 bank3        0000
__Hcinit                 cinit        0068
__Hclrtext               clrtext      0068
__Hcode                  code         0000
__Hcommon                common       0000
__Hconfig                config       1000
__HcstackBANK0           cstackBANK0  0000
__HcstackCOMMON          cstackCOMMON 0000
__HdataBANK1             dataBANK1    0000
__Hend_init              end_init     0003
__Hfunctab               functab      0000
__HidataBANK1            idataBANK1   0000
__Hidloc                 idloc        0000
__Hinit                  init         0000
__Hjmp_tab               jmp_tab      0000
__Hmaintext              maintext     0000
__Hpowerup               powerup      0000
__Hram                   ram          0000
__Hreset_vec             reset_vec    0800
__Hreset_wrap            reset_wrap   0000
__Hsfr0                  sfr0         0000
__Hsfr1                  sfr1         0000
__Hsfr2                  sfr2         0000
__Hsfr3                  sfr3         0000
__Hspace_0               (abs)        1000
__Hspace_1               (abs)        0040
__Hspace_2               (abs)        0000
__Hstack                 stack        0000
__Hstrings               strings      0000
__Htext                  text         0000
__Labs1                  abs1         0000
__Lbank0                 bank0        0000
__Lbank1                 bank1        0000
__Lbank2                 bank2        0000
__Lbank3                 bank3        0000
__Lcinit                 cinit        0003
__Lclrtext               clrtext      0068
__Lcode                  code         0000
__Lcommon                common       0000
__Lconfig                config       0FFF
__LcstackBANK0           cstackBANK0  0000
__LcstackCOMMON          cstackCOMMON 0000
__LdataBANK1             dataBANK1    0000
__Lend_init              end_init     0000
__Lfunctab               functab      0000
__LidataBANK1            idataBANK1   0000
__Lidloc                 idloc        0000
__Linit                  init         0000
__Ljmp_tab               jmp_tab      0000
__Lmaintext              maintext     0000
__Lpowerup               powerup      0000
__Lram                   ram          0000
__Lreset_vec             reset_vec    07FF
__Lreset_wrap            reset_wrap   0000
__Lsfr0                  sfr0         0000
__Lsfr1                  sfr1         0000
__Lsfr2                  sfr2         0000
__Lsfr3                  sfr3         0000
__Lspace_0               (abs)        0000
__Lspace_1               (abs)        0000
__Lspace_2               (abs)        0000
__Lstack                 stack        0000
__Lstrings               strings      0000
__Ltext                  text         0000
__S0                     (abs)        1000
__S1                     (abs)        0040
__S2                     (abs)        0000
___awdiv                 text2        00E2
___awdiv@counter         cstackBANK0  0014
___awdiv@dividend        cstackBANK0  0012
___awdiv@divisor         cstackBANK0  0010
___awdiv@quotient        cstackBANK0  0016
___awdiv@sign            cstackBANK0  0015
___awmod                 text1        007F
___awmod@counter         cstackBANK0  0014
___awmod@dividend        cstackBANK0  0012
___awmod@divisor         cstackBANK0  0010
___awmod@sign            cstackBANK0  0015
___int_sp                stack        0000
___latbits               (abs)        0002
___sp                    stack        0000
___stackhi               (abs)        0000
___stacklo               (abs)        0000
__end_of___awdiv         text2        0153
__end_of___awmod         text1        00E2
__end_of__initialization cinit        0064
__end_of_main            maintext     0200
__initialization         cinit        0003
__pcstackBANK0           cstackBANK0  0010
__pcstackCOMMON          cstackCOMMON 0000
__pdataBANK1             dataBANK1    0030
__pidataBANK1            idataBANK1   0068
__pjmp_tab               jmp_tab      0078
__pmaintext              maintext     0153
__ptext1                 text1        007F
__ptext2                 text2        00E2
__size_of___awdiv        (abs)        0000
__size_of___awmod        (abs)        0000
__size_of_main           (abs)        0000
_digits                  dataBANK1    0030
_main                    maintext     0153
btemp                    (abs)        0008
end_of_initialization    cinit        0064
entry____awdiv           jmp_tab      007B
entry____awmod           jmp_tab      0078
ltemp0                   (abs)        0008
ltemp1                   (abs)        000C
ltemp3                   (abs)        000A
main@t                   cstackBANK0  0018
reset_vec                reset_vec    07FF
start                    init         0000
start_initialization     cinit        0003
ttemp0                   (abs)        0008
ttemp1                   (abs)        000B
wtemp0                   (abs)        0008
wtemp1                   (abs)        000A
wtemp2                   (abs)        000C
wtemp3                   (abs)        000E


FUNCTION INFORMATION:

 *************** function _main *****************
 Defined at:
		line 24 in file "main.c"
 Parameters:    Size  Location     Type
		None
 Auto vars:     Size  Location     Type
  t               2    8[BANK0 ] int 
 Return value:  Size  Location     Type
                  2   26[None  ] int 
 Registers used:
		wreg, fsr0l, fsr0h, status,2, status,0, btemp+0, btemp+6, btemp+7, pclath, cstack
 Tracked objects:
		On entry : 
		On exit  : 
		Unchanged: 
 Data sizes:     COMMON   BANK0   BANK1   BANK3   BANK2
      Params:         0       0       0       0       0
      Locals:         0       2       0       0       0
      Temps:          0       0       0       0       0
      Totals:         0       2       0       0       0
Total ram usage:        2 bytes
 Hardware stack levels required when called:    1
 This function calls:
		___awdiv
		___awmod
 This function is called by:
		Startup code after reset
 This function uses a non-reentrant model


 *************** function ___awmod *****************
 Defined at:
		line 5 in file "C:\Program Files (x86)\Microchip\xc8\v2.10\pic\sources\c90\common\awmod.c"
 Parameters:    Size  Location     Type
  divisor         2    0[BANK0 ] int 
  dividend        2    2[BANK0 ] int 
 Auto vars:     Size  Location     Type
  sign            1    5[BANK0 ] unsigned char 
  counter         1    4[BANK0 ] unsigned char 
 Return value:  Size  Location     Type
                  2    0[BANK0 ] int 
 Registers used:
		wreg, fsr0l, fsr0h, status,2, status,0, btemp+0, btemp+6, btemp+7
 Tracked objects:
		On entry : 
		On exit  : 
		Unchanged: 
 Data sizes:     COMMON   BANK0   BANK1   BANK3   BANK2
      Params:         0       4       0       0       0
      Locals:         0       2       0       0       0
      Temps:          0       0       0       0       0
      Totals:         0       6       0       0       0
Total ram usage:        6 bytes
 Hardware stack levels used:    1
 This function calls:
		Nothing
 This function is called by:
		_main
 This function uses a non-reentrant model


 *************** function ___awdiv *****************
 Defined at:
		line 5 in file "C:\Program Files (x86)\Microchip\xc8\v2.10\pic\sources\c90\common\awdiv.c"
 Parameters:    Size  Location     Type
  divisor         2    0[BANK0 ] int 
  dividend        2    2[BANK0 ] int 
 Auto vars:     Size  Location     Type
  quotient        2    6[BANK0 ] int 
  sign            1    5[BANK0 ] unsigned char 
  counter         1    4[BANK0 ] unsigned char 
 Return value:  Size  Location     Type
                  2    0[BANK0 ] int 
 Registers used:
		wreg, fsr0l, fsr0h, status,2, status,0, btemp+0, btemp+6, btemp+7
 Tracked objects:
		On entry : 
		On exit  : 
		Unchanged: 
 Data sizes:     COMMON   BANK0   BANK1   BANK3   BANK2
      Params:         0       4       0       0       0
      Locals:         0       4       0       0       0
      Temps:          0       0       0       0       0
      Totals:         0       8       0       0       0
Total ram usage:        8 bytes
 Hardware stack levels used:    1
 This function calls:
		Nothing
 This function is called by:
		_main
 This function uses a non-reentrant model



MODULE INFORMATION

Module		Function		Class		Link	Load	Size
C:\Program Files (x86)\Microchip\xc8\v2.10\pic\sources\c90\common\awdiv.c
		___awdiv       		CODE           	00E2	0000	114

C:\Program Files (x86)\Microchip\xc8\v2.10\pic\sources\c90\common\awdiv.c estimated size: 114

shared
		__initialization		ENTRY          	0003	0000	98

shared estimated size: 98

C:\Program Files (x86)\Microchip\xc8\v2.10\pic\sources\c90\common\awmod.c
		___awmod       		CODE           	007F	0000	100

C:\Program Files (x86)\Microchip\xc8\v2.10\pic\sources\c90\common\awmod.c estimated size: 100

main.c
		_main          		CODE           	0153	0000	174

main.c estimated size: 174

